// Jest Snapshot v1, https://goo.gl/fbAQLP

exports[`Loader Component Test Renders Children if the results are fetched correctly 1`] = `ReactWrapper {}`;

exports[`Loader Component Test Renders Loader if the api is still loading 1`] = `ReactWrapper {}`;

exports[`Loader Component Test Renders the component correctly 1`] = `ReactWrapper {}`;
